------------------------------------------------------------
Timing Analyzer Summary
------------------------------------------------------------

Type  : Slow 1200mV 85C Model Setup 'clock'
Slack : 0.842
TNS   : 0.000

Type  : Slow 1200mV 85C Model Hold 'clock'
Slack : 0.452
TNS   : 0.000

Type  : Slow 1200mV 85C Model Recovery 'clock'
Slack : 23.562
TNS   : 0.000

Type  : Slow 1200mV 85C Model Removal 'clock'
Slack : 1.513
TNS   : 0.000

Type  : Slow 1200mV 85C Model Minimum Pulse Width 'clock'
Slack : 14.581
TNS   : 0.000

Type  : Slow 1200mV 0C Model Setup 'clock'
Slack : 1.125
TNS   : 0.000

Type  : Slow 1200mV 0C Model Hold 'clock'
Slack : 0.400
TNS   : 0.000

Type  : Slow 1200mV 0C Model Recovery 'clock'
Slack : 23.864
TNS   : 0.000

Type  : Slow 1200mV 0C Model Removal 'clock'
Slack : 1.390
TNS   : 0.000

Type  : Slow 1200mV 0C Model Minimum Pulse Width 'clock'
Slack : 14.577
TNS   : 0.000

Type  : Fast 1200mV 0C Model Setup 'clock'
Slack : 1.925
TNS   : 0.000

Type  : Fast 1200mV 0C Model Hold 'clock'
Slack : 0.186
TNS   : 0.000

Type  : Fast 1200mV 0C Model Recovery 'clock'
Slack : 26.890
TNS   : 0.000

Type  : Fast 1200mV 0C Model Removal 'clock'
Slack : 0.643
TNS   : 0.000

Type  : Fast 1200mV 0C Model Minimum Pulse Width 'clock'
Slack : 14.155
TNS   : 0.000

------------------------------------------------------------
