------------------------------------------------------------
Timing Analyzer Summary
------------------------------------------------------------

Type  : Slow 1200mV 85C Model Setup 'clock'
Slack : 0.073
TNS   : 0.000

Type  : Slow 1200mV 85C Model Hold 'clock'
Slack : 0.432
TNS   : 0.000

Type  : Slow 1200mV 85C Model Recovery 'clock'
Slack : 12.895
TNS   : 0.000

Type  : Slow 1200mV 85C Model Removal 'clock'
Slack : 1.526
TNS   : 0.000

Type  : Slow 1200mV 85C Model Minimum Pulse Width 'clock'
Slack : 9.593
TNS   : 0.000

Type  : Slow 1200mV 0C Model Setup 'clock'
Slack : 1.328
TNS   : 0.000

Type  : Slow 1200mV 0C Model Hold 'clock'
Slack : 0.382
TNS   : 0.000

Type  : Slow 1200mV 0C Model Recovery 'clock'
Slack : 13.298
TNS   : 0.000

Type  : Slow 1200mV 0C Model Removal 'clock'
Slack : 1.402
TNS   : 0.000

Type  : Slow 1200mV 0C Model Minimum Pulse Width 'clock'
Slack : 9.595
TNS   : 0.000

Type  : Fast 1200mV 0C Model Setup 'clock'
Slack : 11.424
TNS   : 0.000

Type  : Fast 1200mV 0C Model Hold 'clock'
Slack : 0.178
TNS   : 0.000

Type  : Fast 1200mV 0C Model Recovery 'clock'
Slack : 16.464
TNS   : 0.000

Type  : Fast 1200mV 0C Model Removal 'clock'
Slack : 0.652
TNS   : 0.000

Type  : Fast 1200mV 0C Model Minimum Pulse Width 'clock'
Slack : 9.199
TNS   : 0.000

------------------------------------------------------------
