------------------------------------------------------------
Timing Analyzer Summary
------------------------------------------------------------

Type  : Slow 1200mV 85C Model Setup 'clock'
Slack : -0.169
TNS   : -0.225

Type  : Slow 1200mV 85C Model Hold 'clock'
Slack : 0.431
TNS   : 0.000

Type  : Slow 1200mV 85C Model Recovery 'clock'
Slack : 13.988
TNS   : 0.000

Type  : Slow 1200mV 85C Model Removal 'clock'
Slack : 1.512
TNS   : 0.000

Type  : Slow 1200mV 85C Model Minimum Pulse Width 'clock'
Slack : 9.593
TNS   : 0.000

Type  : Slow 1200mV 0C Model Setup 'clock'
Slack : 1.290
TNS   : 0.000

Type  : Slow 1200mV 0C Model Hold 'clock'
Slack : 0.381
TNS   : 0.000

Type  : Slow 1200mV 0C Model Recovery 'clock'
Slack : 14.300
TNS   : 0.000

Type  : Slow 1200mV 0C Model Removal 'clock'
Slack : 1.388
TNS   : 0.000

Type  : Slow 1200mV 0C Model Minimum Pulse Width 'clock'
Slack : 9.595
TNS   : 0.000

Type  : Fast 1200mV 0C Model Setup 'clock'
Slack : 11.409
TNS   : 0.000

Type  : Fast 1200mV 0C Model Hold 'clock'
Slack : 0.178
TNS   : 0.000

Type  : Fast 1200mV 0C Model Recovery 'clock'
Slack : 17.079
TNS   : 0.000

Type  : Fast 1200mV 0C Model Removal 'clock'
Slack : 0.644
TNS   : 0.000

Type  : Fast 1200mV 0C Model Minimum Pulse Width 'clock'
Slack : 9.198
TNS   : 0.000

------------------------------------------------------------
